[0.006s][info][gc,init] Initializing The Z Garbage Collector
[0.006s][info][gc,init] Version: 21.0.8+12-LTS-250 (release)
[0.006s][info][gc,init] Using legacy single-generation mode
[0.006s][info][gc,init] NUMA Support: Disabled
[0.006s][info][gc,init] CPUs: 16 total, 16 available
[0.006s][info][gc,init] Memory: 65446M
[0.006s][info][gc,init] Large Page Support: Disabled
[0.006s][info][gc,init] GC Workers: 4 (dynamic)
[0.007s][info][gc,init] Address Space Type: Contiguous/Unrestricted/Complete
[0.007s][info][gc,init] Address Space Size: 409600M x 3 = 1228800M
[0.007s][info][gc,init] Min Capacity: 25600M
[0.007s][info][gc,init] Initial Capacity: 25600M
[0.007s][info][gc,init] Max Capacity: 25600M
[0.007s][info][gc,init] Medium Page Size: 32M
[0.008s][info][gc,init] Pre-touch: Disabled
[0.008s][info][gc,init] Uncommit: Implicitly Disabled (-Xms equals -Xmx)
[0.587s][info][gc,init] Runtime Workers: 10
[0.587s][info][gc     ] Using The Z Garbage Collector
[0.592s][info][gc,metaspace] CDS archive(s) mapped at: [0x00000263a5000000-0x00000263a5c90000-0x00000263a5c90000), size 13172736, SharedBaseAddress: 0x00000263a5000000, ArchiveRelocationMode: 1.
[0.592s][info][gc,metaspace] Compressed class space mapped at: 0x00000263a6000000-0x00000263e6000000, reserved size: 1073741824
[0.592s][info][gc,metaspace] Narrow klass base: 0x00000263a5000000, Narrow klass shift: 0, Narrow klass range: 0x100000000
[2.107s][info][gc,start    ] GC(0) Garbage Collection (Warmup)
[2.107s][info][gc,task     ] GC(0) Using 4 workers
[2.107s][info][gc,phases   ] GC(0) Pause Mark Start 0.012ms
[2.282s][info][gc,phases   ] GC(0) Concurrent Mark 174.838ms
[2.282s][info][gc,phases   ] GC(0) Pause Mark End 0.022ms
[2.282s][info][gc,phases   ] GC(0) Concurrent Mark Free 0.001ms
[2.282s][info][gc,phases   ] GC(0) Concurrent Process Non-Strong References 0.354ms
[2.282s][info][gc,phases   ] GC(0) Concurrent Reset Relocation Set 0.000ms
[2.287s][info][gc,phases   ] GC(0) Concurrent Select Relocation Set 4.508ms
[2.287s][info][gc,phases   ] GC(0) Pause Relocate Start 0.005ms
[2.294s][info][gc,phases   ] GC(0) Concurrent Relocate 6.639ms
[2.294s][info][gc,load     ] GC(0) Load: 0.00/0.00/0.00
[2.294s][info][gc,mmu      ] GC(0) MMU: 2ms/98.9%, 5ms/99.6%, 10ms/99.7%, 20ms/99.9%, 50ms/99.9%, 100ms/100.0%
[2.294s][info][gc,marking  ] GC(0) Mark: 4 stripe(s), 4 proactive flush(es), 1 terminate flush(es), 0 completion(s), 0 continuation(s) 
[2.294s][info][gc,marking  ] GC(0) Mark Stack Usage: 32M
[2.294s][info][gc,nmethod  ] GC(0) NMethods: 318 registered, 95 unregistered
[2.294s][info][gc,metaspace] GC(0) Metaspace: 0M used, 0M committed, 1088M reserved
[2.294s][info][gc,ref      ] GC(0) Soft: 91 encountered, 0 discovered, 0 enqueued
[2.294s][info][gc,ref      ] GC(0) Weak: 192 encountered, 57 discovered, 51 enqueued
[2.294s][info][gc,ref      ] GC(0) Final: 0 encountered, 0 discovered, 0 enqueued
[2.294s][info][gc,ref      ] GC(0) Phantom: 17 encountered, 16 discovered, 16 enqueued
[2.294s][info][gc,reloc    ] GC(0) Small Pages: 181 / 362M, Empty: 280M, Relocated: 16M, In-Place: 0
[2.294s][info][gc,reloc    ] GC(0) Medium Pages: 1 / 32M, Empty: 32M, Relocated: 0M, In-Place: 0
[2.294s][info][gc,reloc    ] GC(0) Large Pages: 78 / 2316M, Empty: 1168M, Relocated: 0M, In-Place: 0
[2.294s][info][gc,reloc    ] GC(0) Forwarding Usage: 13M
[2.294s][info][gc,heap     ] GC(0) Min Capacity: 25600M(100%)
[2.294s][info][gc,heap     ] GC(0) Max Capacity: 25600M(100%)
[2.294s][info][gc,heap     ] GC(0) Soft Max Capacity: 25600M(100%)
[2.294s][info][gc,heap     ] GC(0)                Mark Start          Mark End        Relocate Start      Relocate End           High               Low         
[2.294s][info][gc,heap     ] GC(0)  Capacity:    25600M (100%)      25600M (100%)      25600M (100%)      25600M (100%)      25600M (100%)      25600M (100%)   
[2.294s][info][gc,heap     ] GC(0)      Free:    22890M (89%)       22622M (88%)       24084M (94%)       24144M (94%)       24144M (94%)       22622M (88%)    
[2.294s][info][gc,heap     ] GC(0)      Used:     2710M (11%)        2978M (12%)        1516M (6%)         1456M (6%)         2978M (12%)        1456M (6%)     
[2.294s][info][gc,heap     ] GC(0)      Live:         -              1164M (5%)         1164M (5%)         1164M (5%)             -                  -          
[2.294s][info][gc,heap     ] GC(0) Allocated:         -               268M (1%)          286M (1%)          287M (1%)             -                  -          
[2.294s][info][gc,heap     ] GC(0)   Garbage:         -              1545M (6%)           65M (0%)            3M (0%)             -                  -          
[2.294s][info][gc,heap     ] GC(0) Reclaimed:         -                  -              1480M (6%)         1541M (6%)             -                  -          
[2.294s][info][gc          ] GC(0) Garbage Collection (Warmup) 2710M(11%)->1456M(6%)
[4.115s][info][gc,start    ] GC(1) Garbage Collection (Warmup)
[4.115s][info][gc,task     ] GC(1) Using 4 workers
[4.115s][info][gc,phases   ] GC(1) Pause Mark Start 0.006ms
[4.354s][info][gc,phases   ] GC(1) Concurrent Mark 239.163ms
[4.354s][info][gc,phases   ] GC(1) Pause Mark End 0.017ms
[4.354s][info][gc,phases   ] GC(1) Concurrent Mark Free 0.001ms
[4.355s][info][gc,phases   ] GC(1) Concurrent Process Non-Strong References 0.376ms
[4.355s][info][gc,phases   ] GC(1) Concurrent Reset Relocation Set 0.002ms
[4.357s][info][gc,phases   ] GC(1) Concurrent Select Relocation Set 2.349ms
[4.357s][info][gc,phases   ] GC(1) Pause Relocate Start 0.003ms
[4.358s][info][gc,phases   ] GC(1) Concurrent Relocate 0.373ms
[4.358s][info][gc,load     ] GC(1) Load: 0.00/0.00/0.00
[4.358s][info][gc,mmu      ] GC(1) MMU: 2ms/98.9%, 5ms/99.6%, 10ms/99.7%, 20ms/99.9%, 50ms/99.9%, 100ms/100.0%
[4.358s][info][gc,marking  ] GC(1) Mark: 4 stripe(s), 4 proactive flush(es), 1 terminate flush(es), 0 completion(s), 0 continuation(s) 
[4.358s][info][gc,marking  ] GC(1) Mark Stack Usage: 32M
[4.358s][info][gc,nmethod  ] GC(1) NMethods: 345 registered, 96 unregistered
[4.358s][info][gc,metaspace] GC(1) Metaspace: 0M used, 0M committed, 1088M reserved
[4.358s][info][gc,ref      ] GC(1) Soft: 91 encountered, 0 discovered, 0 enqueued
[4.358s][info][gc,ref      ] GC(1) Weak: 141 encountered, 81 discovered, 0 enqueued
[4.358s][info][gc,ref      ] GC(1) Final: 0 encountered, 0 discovered, 0 enqueued
[4.358s][info][gc,ref      ] GC(1) Phantom: 1 encountered, 1 discovered, 0 enqueued
[4.358s][info][gc,reloc    ] GC(1) Small Pages: 583 / 1166M, Empty: 1138M, Relocated: 1M, In-Place: 0
[4.358s][info][gc,reloc    ] GC(1) Medium Pages: 0 / 0M, Empty: 0M, Relocated: 0M, In-Place: 0
[4.358s][info][gc,reloc    ] GC(1) Large Pages: 313 / 4136M, Empty: 0M, Relocated: 0M, In-Place: 0
[4.358s][info][gc,reloc    ] GC(1) Forwarding Usage: 0M
[4.358s][info][gc,heap     ] GC(1) Min Capacity: 25600M(100%)
[4.358s][info][gc,heap     ] GC(1) Max Capacity: 25600M(100%)
[4.358s][info][gc,heap     ] GC(1) Soft Max Capacity: 25600M(100%)
[4.358s][info][gc,heap     ] GC(1)                Mark Start          Mark End        Relocate Start      Relocate End           High               Low         
[4.358s][info][gc,heap     ] GC(1)  Capacity:    25600M (100%)      25600M (100%)      25600M (100%)      25600M (100%)      25600M (100%)      25600M (100%)   
[4.358s][info][gc,heap     ] GC(1)      Free:    20298M (79%)       19832M (77%)       20970M (82%)       20974M (82%)       20974M (82%)       19832M (77%)    
[4.358s][info][gc,heap     ] GC(1)      Used:     5302M (21%)        5768M (23%)        4630M (18%)        4626M (18%)        5768M (23%)        4626M (18%)    
[4.358s][info][gc,heap     ] GC(1)      Live:         -              4152M (16%)        4152M (16%)        4152M (16%)            -                  -          
[4.358s][info][gc,heap     ] GC(1) Allocated:         -               466M (2%)          466M (2%)          465M (2%)             -                  -          
[4.358s][info][gc,heap     ] GC(1)   Garbage:         -              1149M (4%)           11M (0%)            7M (0%)             -                  -          
[4.358s][info][gc,heap     ] GC(1) Reclaimed:         -                  -              1138M (4%)         1141M (4%)             -                  -          
[4.358s][info][gc          ] GC(1) Garbage Collection (Warmup) 5302M(21%)->4626M(18%)
[5.365s][info][gc,heap,exit] Heap
[5.365s][info][gc,heap,exit]  ZHeap           used 7290M, capacity 25600M, max capacity 25600M
[5.365s][info][gc,heap,exit]  Metaspace       used 768K, committed 960K, reserved 1114112K
[5.365s][info][gc,heap,exit]   class space    used 44K, committed 128K, reserved 1048576K
